MPLINK 4.1, Linker
Linker Map File - Created Tue May 26 08:40:20 2020

                                 Section Info
                  Section       Type    Address   Location Size(Bytes)
                ---------  ---------  ---------  ---------  ---------
               _entry_scn       code   0x000000    program   0x000006
                   .cinit    romdata   0x00002a    program   0x00000e
             .code_code.o       code   0x000038    program   0x000cb4
         .code_vfprintf.o       code   0x000cec    program   0x000c22
                     PROG       code   0x00190e    program   0x0000da
          .code_sprintf.o       code   0x0019e8    program   0x0000ac
               _cinit_scn       code   0x001a94    program   0x00009e
             .code_putc.o       code   0x001b32    program   0x000084
            .code_uopen.o       code   0x001bb6    program   0x00007a
          .code_fxm3232.o       code   0x001c30    program   0x000070
                   STRING       code   0x001ca0    program   0x000066
            .code_ugets.o       code   0x001d06    program   0x00005e
             .stringtable    romdata   0x001d64    program   0x00004c
            .code_uputs.o       code   0x001db0    program   0x00004c
         .code_fxd3232u.o       code   0x001dfc    program   0x000048
            .code_uread.o       code   0x001e44    program   0x00003e
         .code_i2c_open.o       code   0x001e82    program   0x000036
         .code_i2c_writ.o       code   0x001eb8    program   0x000030
           .code_uwrite.o       code   0x001ee8    program   0x00002e
         .code_fxd1616u.o       code   0x001f16    program   0x00002c
                    CTYPE       code   0x001f42    program   0x000024
              D1KTCYXCODE       code   0x001f66    program   0x000020
             _startup_scn       code   0x001f86    program   0x00001c
                    STDIO       code   0x001fa2    program   0x00001c
         .code_fxd0808u.o       code   0x001fbe    program   0x00001c
              D10TCYXCODE       code   0x001fda    program   0x000016
      .romdata_vfprintf.o    romdata   0x001ff0    program   0x000011
         .code_i2c_read.o       code   0x002002    program   0x00000a
       .code__user_putc.o       code   0x00200c    program   0x000002
           .code___init.o       code   0x00200e    program   0x000002
          .idata_code.o_i    romdata   0x002010    program   0x00001e
    .config_300001_code.o    romdata   0x300001    program   0x000001
    .config_300003_code.o    romdata   0x300003    program   0x000001
    .config_300005_code.o    romdata   0x300005    program   0x000001
    .config_300006_code.o    romdata   0x300006    program   0x000001
                MATH_DATA      udata   0x000000       data   0x000014
                 .tmpdata      udata   0x000014       data   0x000007
                DELAYDAT1      udata   0x00001b       data   0x000001
            .udata_code.o      udata   0x000080       data   0x00007b
          .udata_usartd.o      udata   0x0000fb       data   0x000001
            .idata_code.o      idata   0x000100       data   0x00001e
           .udata_c018i.o      udata   0x00011e       data   0x00000a
                   .stack      udata   0x000500       data   0x000100
            SFR_UNBANKED0      udata   0x000f80       data   0x000080



                              Program Memory Usage 
                               Start         End      
                           ---------   ---------      
                            0x000000    0x000005      
                            0x00002a    0x002000      
                            0x002002    0x00202d      
                            0x300001    0x300001      
                            0x300003    0x300003      
                            0x300005    0x300006      
            8205 out of 33048 program addresses used, program memory utilization is 24%



                              Symbols - Sorted by Name
                     Name    Address   Location    Storage File                     
                ---------  ---------  ---------  --------- ---------                
                  BCD_INT   0x00037c    program     extern C:\Users\rikasamaru\Desktop\nhung\code\code.c
                   D0808S   0x001924    program     static C:\MCC18\SRC\TRADIT~1\MATH\fxd0808s.asm
                D0808SNEG   0x001932    program     static C:\MCC18\SRC\TRADIT~1\MATH\fxd0808s.asm
                 D0808SOK   0x00192e    program     static C:\MCC18\SRC\TRADIT~1\MATH\fxd0808s.asm
                  D0808SX   0x001938    program     static C:\MCC18\SRC\TRADIT~1\MATH\fxd0808s.asm
                    D10_1   0x001fea    program     static C:\MCC18\SRC\TRADIT~1\DELAYS\d10tcyx.asm
                     D10x   0x001fe2    program     static C:\MCC18\SRC\TRADIT~1\DELAYS\d10tcyx.asm
                   D1616S   0x001964    program     static C:\MCC18\SRC\TRADIT~1\MATH\fxd1616s.asm
                D1616SNEG   0x001972    program     static C:\MCC18\SRC\TRADIT~1\MATH\fxd1616s.asm
                 D1616SOK   0x00196e    program     static C:\MCC18\SRC\TRADIT~1\MATH\fxd1616s.asm
                  D1616SX   0x001984    program     static C:\MCC18\SRC\TRADIT~1\MATH\fxd1616s.asm
                    D1K_1   0x001f72    program     static C:\MCC18\SRC\TRADIT~1\DELAYS\d1ktcyx.asm
                     D1Kx   0x001f70    program     static C:\MCC18\SRC\TRADIT~1\DELAYS\d1ktcyx.asm
                  DA0808S   0x00191a    program     static C:\MCC18\SRC\TRADIT~1\MATH\fxd0808s.asm
                  DA1616S   0x001954    program     static C:\MCC18\SRC\TRADIT~1\MATH\fxd1616s.asm
           DHT_GetTemHumi   0x000404    program     extern C:\Users\rikasamaru\Desktop\nhung\code\code.c
              Delay10TCYx   0x001fda    program     extern C:\MCC18\SRC\TRADIT~1\DELAYS\d10tcyx.asm
              Delay1KTCYx   0x001f66    program     extern C:\MCC18\SRC\TRADIT~1\DELAYS\d1ktcyx.asm
              EEPROM_Read   0x0000d0    program     extern C:\Users\rikasamaru\Desktop\nhung\code\code.c
             EEPROM_Write   0x000038    program     extern C:\Users\rikasamaru\Desktop\nhung\code\code.c
       EEPROM_WriteString   0x00006e    program     extern C:\Users\rikasamaru\Desktop\nhung\code\code.c
                 FXD0808S   0x00190e    program     extern C:\MCC18\SRC\TRADIT~1\MATH\fxd0808s.asm
                 FXD0808U   0x001fbe    program     extern C:\MCC18\src\TRADIT~1\math\fxd0808u.c
                 FXD1616S   0x001942    program     extern C:\MCC18\SRC\TRADIT~1\MATH\fxd1616s.asm
                 FXD1616U   0x001f16    program     extern C:\MCC18\src\TRADIT~1\math\fxd1616u.c
                 FXD3232U   0x001dfc    program     extern C:\MCC18\src\TRADIT~1\math\fxd3232u.c
                 FXM1616S   0x00198e    program     extern C:\MCC18\SRC\TRADIT~1\MATH\fxm1616s.asm
                  FXM3232   0x001c30    program     extern C:\MCC18\src\TRADIT~1\math\fxm3232.c
                  INT_BCD   0x00021a    program     extern C:\Users\rikasamaru\Desktop\nhung\code\code.c
                  OpenI2C   0x001e82    program     extern C:\MCC18\src\TRADIT~1\pmc\i2c\i2c_open.c
                OpenUSART   0x001bb6    program     extern C:\MCC18\src\TRADIT~1\pmc\USART\uopen.c
                  ReadI2C   0x002002    program     extern C:\MCC18\src\TRADIT~1\pmc\i2c\i2c_read.c
                ReadUSART   0x001e44    program     extern C:\MCC18\src\TRADIT~1\pmc\USART\uread.c
               TSIGN1616A   0x0019da    program     static C:\MCC18\SRC\TRADIT~1\MATH\fxm1616s.asm
                 WriteI2C   0x001eb8    program     extern C:\MCC18\src\TRADIT~1\pmc\i2c\i2c_writ.c
               WriteUSART   0x001ee8    program     extern C:\MCC18\src\TRADIT~1\pmc\USART\uwrite.c
                   _2jEnd   0x001cf0    program     static C:\MCC18\SRC\TRADIT~1\STDCLIB\slenpgm.asm
        _D10TCYXCODE_000A   0x001fe4    program     static C:\MCC18\SRC\TRADIT~1\DELAYS\d10tcyx.asm
        _D10TCYXCODE_000C   0x001fe6    program     static C:\MCC18\SRC\TRADIT~1\DELAYS\d10tcyx.asm
        _D10TCYXCODE_000E   0x001fe8    program     static C:\MCC18\SRC\TRADIT~1\DELAYS\d10tcyx.asm
        _D1KTCYXCODE_0010   0x001f76    program     static C:\MCC18\SRC\TRADIT~1\DELAYS\d1ktcyx.asm
        _D1KTCYXCODE_0016   0x001f7c    program     static C:\MCC18\SRC\TRADIT~1\DELAYS\d1ktcyx.asm
       ___return_lbl00000   0x001c9e    program     static                          
       ___return_lbl00000   0x001f40    program     static                          
       ___return_lbl00000   0x001fd8    program     static                          
       ___return_lbl00000   0x001e42    program     static                          
       ___return_lbl00000   0x000004    program     static                          
       ___return_lbl00001   0x001fa0    program     static                          
       ___return_lbl00002   0x001b30    program     static                          
               __config_0   0x300001    program     static C:\Users\rikasamaru\Desktop\nhung\code\code.c
               __config_1   0x300003    program     static C:\Users\rikasamaru\Desktop\nhung\code\code.c
               __config_2   0x300005    program     static C:\Users\rikasamaru\Desktop\nhung\code\code.c
               __config_3   0x300006    program     static C:\Users\rikasamaru\Desktop\nhung\code\code.c
                   __init   0x00200e    program     extern C:\MCC18\src\TRADIT~1\stdclib\__init.c
                   __pa_0   0x00162c    program     static C:\MCC18\src\TRADIT~1\stdclib\vfprintf.c
                   __pa_1   0x001634    program     static C:\MCC18\src\TRADIT~1\stdclib\vfprintf.c
                  __pa_10   0x0016e8    program     static C:\MCC18\src\TRADIT~1\stdclib\vfprintf.c
                  __pa_11   0x0016f6    program     static C:\MCC18\src\TRADIT~1\stdclib\vfprintf.c
                  __pa_12   0x00170c    program     static C:\MCC18\src\TRADIT~1\stdclib\vfprintf.c
                  __pa_13   0x001726    program     static C:\MCC18\src\TRADIT~1\stdclib\vfprintf.c
                  __pa_14   0x00173e    program     static C:\MCC18\src\TRADIT~1\stdclib\vfprintf.c
                  __pa_15   0x00174e    program     static C:\MCC18\src\TRADIT~1\stdclib\vfprintf.c
                  __pa_16   0x001764    program     static C:\MCC18\src\TRADIT~1\stdclib\vfprintf.c
                  __pa_17   0x001776    program     static C:\MCC18\src\TRADIT~1\stdclib\vfprintf.c
                  __pa_18   0x001788    program     static C:\MCC18\src\TRADIT~1\stdclib\vfprintf.c
                  __pa_19   0x001792    program     static C:\MCC18\src\TRADIT~1\stdclib\vfprintf.c
                   __pa_2   0x00163e    program     static C:\MCC18\src\TRADIT~1\stdclib\vfprintf.c
                  __pa_20   0x0017a2    program     static C:\MCC18\src\TRADIT~1\stdclib\vfprintf.c
                  __pa_21   0x0017b2    program     static C:\MCC18\src\TRADIT~1\stdclib\vfprintf.c
                  __pa_22   0x0017c2    program     static C:\MCC18\src\TRADIT~1\stdclib\vfprintf.c
                  __pa_23   0x0017ce    program     static C:\MCC18\src\TRADIT~1\stdclib\vfprintf.c
                  __pa_24   0x0017dc    program     static C:\MCC18\src\TRADIT~1\stdclib\vfprintf.c
                  __pa_25   0x0017e4    program     static C:\MCC18\src\TRADIT~1\stdclib\vfprintf.c
                  __pa_26   0x0017ee    program     static C:\MCC18\src\TRADIT~1\stdclib\vfprintf.c
                  __pa_27   0x0017f8    program     static C:\MCC18\src\TRADIT~1\stdclib\vfprintf.c
                  __pa_28   0x001800    program     static C:\MCC18\src\TRADIT~1\stdclib\vfprintf.c
                  __pa_29   0x00180e    program     static C:\MCC18\src\TRADIT~1\stdclib\vfprintf.c
                   __pa_3   0x001648    program     static C:\MCC18\src\TRADIT~1\stdclib\vfprintf.c
                  __pa_30   0x00182a    program     static C:\MCC18\src\TRADIT~1\stdclib\vfprintf.c
                  __pa_31   0x001844    program     static C:\MCC18\src\TRADIT~1\stdclib\vfprintf.c
                  __pa_32   0x00185e    program     static C:\MCC18\src\TRADIT~1\stdclib\vfprintf.c
                  __pa_33   0x001876    program     static C:\MCC18\src\TRADIT~1\stdclib\vfprintf.c
                  __pa_34   0x001880    program     static C:\MCC18\src\TRADIT~1\stdclib\vfprintf.c
                  __pa_35   0x00188e    program     static C:\MCC18\src\TRADIT~1\stdclib\vfprintf.c
                  __pa_36   0x001896    program     static C:\MCC18\src\TRADIT~1\stdclib\vfprintf.c
                  __pa_37   0x0018a0    program     static C:\MCC18\src\TRADIT~1\stdclib\vfprintf.c
                  __pa_38   0x0018b0    program     static C:\MCC18\src\TRADIT~1\stdclib\vfprintf.c
                  __pa_39   0x0018be    program     static C:\MCC18\src\TRADIT~1\stdclib\vfprintf.c
                   __pa_4   0x001660    program     static C:\MCC18\src\TRADIT~1\stdclib\vfprintf.c
                  __pa_40   0x0018ca    program     static C:\MCC18\src\TRADIT~1\stdclib\vfprintf.c
                  __pa_41   0x0018d6    program     static C:\MCC18\src\TRADIT~1\stdclib\vfprintf.c
                  __pa_42   0x0018de    program     static C:\MCC18\src\TRADIT~1\stdclib\vfprintf.c
                  __pa_43   0x0018e8    program     static C:\MCC18\src\TRADIT~1\stdclib\vfprintf.c
                  __pa_44   0x0018ee    program     static C:\MCC18\src\TRADIT~1\stdclib\vfprintf.c
                  __pa_45   0x0018f8    program     static C:\MCC18\src\TRADIT~1\stdclib\vfprintf.c
                  __pa_46   0x001904    program     static C:\MCC18\src\TRADIT~1\stdclib\vfprintf.c
                   __pa_5   0x001674    program     static C:\MCC18\src\TRADIT~1\stdclib\vfprintf.c
                   __pa_6   0x001690    program     static C:\MCC18\src\TRADIT~1\stdclib\vfprintf.c
                   __pa_7   0x00169a    program     static C:\MCC18\src\TRADIT~1\stdclib\vfprintf.c
                   __pa_8   0x0016a6    program     static C:\MCC18\src\TRADIT~1\stdclib\vfprintf.c
                   __pa_9   0x0016c8    program     static C:\MCC18\src\TRADIT~1\stdclib\vfprintf.c
               __string_0   0x001da2    program     static C:\Users\rikasamaru\Desktop\nhung\code\code.c
               __string_1   0x001d8a    program     static C:\Users\rikasamaru\Desktop\nhung\code\code.c
               __string_2   0x001d7c    program     static C:\Users\rikasamaru\Desktop\nhung\code\code.c
               __string_3   0x001d64    program     static C:\Users\rikasamaru\Desktop\nhung\code\code.c
              __tmplbl_42   0x0017c2    program     static                          
              __tmplbl_43   0x00160a    program     static                          
              __tmplbl_44   0x0015f0    program     static                          
              __tmplbl_85   0x000d42    program     static                          
                _do_cinit   0x001a94    program     extern C:\MCC18\src\traditional\startup\c018i.c
                   _entry   0x000000    program     extern C:\MCC18\src\traditional\startup\c018i.c
                   _false   0x001e3e    program     static                          
                 _startup   0x001f86    program     extern C:\MCC18\src\traditional\startup\c018i.c
              _usart_putc   0x001fa2    program     extern C:\MCC18\SRC\TRADIT~1\PMC\USART\_usartpc.asm
               _user_putc   0x00200c    program     extern C:\MCC18\src\TRADIT~1\stdclib\_user_putc.c
                copy_loop   0x001b06    program     static                          
            copy_one_byte   0x001b0c    program     static                          
               doc_hhmmss   0x0000f0    program     extern C:\Users\rikasamaru\Desktop\nhung\code\code.c
                 docchuoi   0x000576    program     extern C:\Users\rikasamaru\Desktop\nhung\code\code.c
                     done   0x001b30    program     static                          
             done_copying   0x001b1a    program     static                          
                  endloop   0x001fd4    program     static                          
                  endloop   0x001f3c    program     static                          
                getsUSART   0x001d06    program     extern C:\MCC18\src\TRADIT~1\pmc\USART\ugets.c
               ghi_hhmmss   0x000284    program     extern C:\Users\rikasamaru\Desktop\nhung\code\code.c
                  isdigit   0x001f42    program     extern C:\MCC18\SRC\TRADIT~1\STDCLIB\isdigit.asm
                     jEnd   0x001cba    program     static C:\MCC18\SRC\TRADIT~1\STDCLIB\strlen.asm
                     jEnd   0x001cf2    program     static C:\MCC18\SRC\TRADIT~1\STDCLIB\slenpgm.asm
                    jLoop   0x001cda    program     static C:\MCC18\SRC\TRADIT~1\STDCLIB\slenpgm.asm
                    jLoop   0x001cb0    program     static C:\MCC18\SRC\TRADIT~1\STDCLIB\strlen.asm
                   jMatch   0x001f62    program     static C:\MCC18\SRC\TRADIT~1\STDCLIB\isdigit.asm
                 jNoMatch   0x001f64    program     static C:\MCC18\SRC\TRADIT~1\STDCLIB\isdigit.asm
                     loop   0x001f96    program     static                          
                     loop   0x001fc6    program     static                          
                     loop   0x001fb2    program     static C:\MCC18\SRC\TRADIT~1\PMC\USART\_usartpc.asm
                     loop   0x001f20    program     static                          
                     loop   0x001e0a    program     static                          
                     main   0x00058a    program     extern C:\Users\rikasamaru\Desktop\nhung\code\code.c
                     putc   0x001b32    program     extern C:\MCC18\src\TRADIT~1\stdclib\putc.c
                putsUSART   0x001db0    program     extern C:\MCC18\src\TRADIT~1\pmc\USART\uputs.c
                 s_digits   0x001ff0    program     static C:\MCC18\src\TRADIT~1\stdclib\vfprintf.c
            s_put_n_chars   0x000cec    program     static C:\MCC18\src\TRADIT~1\stdclib\vfprintf.c
                  sprintf   0x0019e8    program     extern C:\MCC18\src\TRADIT~1\stdclib\sprintf.c
                   strlen   0x001ca0    program     extern C:\MCC18\SRC\TRADIT~1\STDCLIB\strlen.asm
                strlenpgm   0x001cbc    program     extern C:\MCC18\SRC\TRADIT~1\STDCLIB\slenpgm.asm
                     test   0x001aae    program     static                          
                 vfprintf   0x000d18    program     extern C:\MCC18\src\TRADIT~1\stdclib\vfprintf.c
                   ADCON0   0x000fc2       data     extern C:\MCC18\SRC\TRADIT~1\PROC\p18f4520.asm
               ADCON0bits   0x000fc2       data     extern C:\MCC18\SRC\TRADIT~1\PROC\p18f4520.asm
                   ADCON1   0x000fc1       data     extern C:\MCC18\SRC\TRADIT~1\PROC\p18f4520.asm
               ADCON1bits   0x000fc1       data     extern C:\MCC18\SRC\TRADIT~1\PROC\p18f4520.asm
                   ADCON2   0x000fc0       data     extern C:\MCC18\SRC\TRADIT~1\PROC\p18f4520.asm
               ADCON2bits   0x000fc0       data     extern C:\MCC18\SRC\TRADIT~1\PROC\p18f4520.asm
                    ADRES   0x000fc3       data     extern C:\MCC18\SRC\TRADIT~1\PROC\p18f4520.asm
                   ADRESH   0x000fc4       data     extern C:\MCC18\SRC\TRADIT~1\PROC\p18f4520.asm
                   ADRESL   0x000fc3       data     extern C:\MCC18\SRC\TRADIT~1\PROC\p18f4520.asm
                  BAUDCON   0x000fb8       data     extern C:\MCC18\SRC\TRADIT~1\PROC\p18f4520.asm
              BAUDCONbits   0x000fb8       data     extern C:\MCC18\SRC\TRADIT~1\PROC\p18f4520.asm
                  BAUDCTL   0x000fb8       data     extern C:\MCC18\SRC\TRADIT~1\PROC\p18f4520.asm
              BAUDCTLbits   0x000fb8       data     extern C:\MCC18\SRC\TRADIT~1\PROC\p18f4520.asm
                      BSR   0x000fe0       data     extern C:\MCC18\SRC\TRADIT~1\PROC\p18f4520.asm
                  CCP1CON   0x000fbd       data     extern C:\MCC18\SRC\TRADIT~1\PROC\p18f4520.asm
              CCP1CONbits   0x000fbd       data     extern C:\MCC18\SRC\TRADIT~1\PROC\p18f4520.asm
                  CCP2CON   0x000fba       data     extern C:\MCC18\SRC\TRADIT~1\PROC\p18f4520.asm
              CCP2CONbits   0x000fba       data     extern C:\MCC18\SRC\TRADIT~1\PROC\p18f4520.asm
                    CCPR1   0x000fbe       data     extern C:\MCC18\SRC\TRADIT~1\PROC\p18f4520.asm
                   CCPR1H   0x000fbf       data     extern C:\MCC18\SRC\TRADIT~1\PROC\p18f4520.asm
                   CCPR1L   0x000fbe       data     extern C:\MCC18\SRC\TRADIT~1\PROC\p18f4520.asm
                    CCPR2   0x000fbb       data     extern C:\MCC18\SRC\TRADIT~1\PROC\p18f4520.asm
                   CCPR2H   0x000fbc       data     extern C:\MCC18\SRC\TRADIT~1\PROC\p18f4520.asm
                   CCPR2L   0x000fbb       data     extern C:\MCC18\SRC\TRADIT~1\PROC\p18f4520.asm
                       CK   0x0000f9       data     extern C:\Users\rikasamaru\Desktop\nhung\code\code.c
                      CKH   0x0000f7       data     extern C:\Users\rikasamaru\Desktop\nhung\code\code.c
                      CKL   0x0000f5       data     extern C:\Users\rikasamaru\Desktop\nhung\code\code.c
                    CMCON   0x000fb4       data     extern C:\MCC18\SRC\TRADIT~1\PROC\p18f4520.asm
                CMCONbits   0x000fb4       data     extern C:\MCC18\SRC\TRADIT~1\PROC\p18f4520.asm
                   CVRCON   0x000fb5       data     extern C:\MCC18\SRC\TRADIT~1\PROC\p18f4520.asm
               CVRCONbits   0x000fb5       data     extern C:\MCC18\SRC\TRADIT~1\PROC\p18f4520.asm
                     DDRA   0x000f92       data     extern C:\MCC18\SRC\TRADIT~1\PROC\p18f4520.asm
                 DDRAbits   0x000f92       data     extern C:\MCC18\SRC\TRADIT~1\PROC\p18f4520.asm
                     DDRB   0x000f93       data     extern C:\MCC18\SRC\TRADIT~1\PROC\p18f4520.asm
                 DDRBbits   0x000f93       data     extern C:\MCC18\SRC\TRADIT~1\PROC\p18f4520.asm
                     DDRC   0x000f94       data     extern C:\MCC18\SRC\TRADIT~1\PROC\p18f4520.asm
                 DDRCbits   0x000f94       data     extern C:\MCC18\SRC\TRADIT~1\PROC\p18f4520.asm
                     DDRD   0x000f95       data     extern C:\MCC18\SRC\TRADIT~1\PROC\p18f4520.asm
                 DDRDbits   0x000f95       data     extern C:\MCC18\SRC\TRADIT~1\PROC\p18f4520.asm
                     DDRE   0x000f96       data     extern C:\MCC18\SRC\TRADIT~1\PROC\p18f4520.asm
                 DDREbits   0x000f96       data     extern C:\MCC18\SRC\TRADIT~1\PROC\p18f4520.asm
            DelayCounter1   0x00001b       data     extern C:\MCC18\SRC\TRADIT~1\DELAYS\delayd1.asm
                  ECCP1AS   0x000fb6       data     extern C:\MCC18\SRC\TRADIT~1\PROC\p18f4520.asm
              ECCP1ASbits   0x000fb6       data     extern C:\MCC18\SRC\TRADIT~1\PROC\p18f4520.asm
                    EEADR   0x000fa9       data     extern C:\MCC18\SRC\TRADIT~1\PROC\p18f4520.asm
                   EECON1   0x000fa6       data     extern C:\MCC18\SRC\TRADIT~1\PROC\p18f4520.asm
               EECON1bits   0x000fa6       data     extern C:\MCC18\SRC\TRADIT~1\PROC\p18f4520.asm
                   EECON2   0x000fa7       data     extern C:\MCC18\SRC\TRADIT~1\PROC\p18f4520.asm
                   EEDATA   0x000fa8       data     extern C:\MCC18\SRC\TRADIT~1\PROC\p18f4520.asm
                     FSR0   0x000fe9       data     extern C:\MCC18\SRC\TRADIT~1\PROC\p18f4520.asm
                    FSR0H   0x000fea       data     extern C:\MCC18\SRC\TRADIT~1\PROC\p18f4520.asm
                    FSR0L   0x000fe9       data     extern C:\MCC18\SRC\TRADIT~1\PROC\p18f4520.asm
                     FSR1   0x000fe1       data     extern C:\MCC18\SRC\TRADIT~1\PROC\p18f4520.asm
                    FSR1H   0x000fe2       data     extern C:\MCC18\SRC\TRADIT~1\PROC\p18f4520.asm
                    FSR1L   0x000fe1       data     extern C:\MCC18\SRC\TRADIT~1\PROC\p18f4520.asm
                     FSR2   0x000fd9       data     extern C:\MCC18\SRC\TRADIT~1\PROC\p18f4520.asm
                    FSR2H   0x000fda       data     extern C:\MCC18\SRC\TRADIT~1\PROC\p18f4520.asm
                    FSR2L   0x000fd9       data     extern C:\MCC18\SRC\TRADIT~1\PROC\p18f4520.asm
                  HLVDCON   0x000fd2       data     extern C:\MCC18\SRC\TRADIT~1\PROC\p18f4520.asm
              HLVDCONbits   0x000fd2       data     extern C:\MCC18\SRC\TRADIT~1\PROC\p18f4520.asm
                    INDF0   0x000fef       data     extern C:\MCC18\SRC\TRADIT~1\PROC\p18f4520.asm
                    INDF1   0x000fe7       data     extern C:\MCC18\SRC\TRADIT~1\PROC\p18f4520.asm
                    INDF2   0x000fdf       data     extern C:\MCC18\SRC\TRADIT~1\PROC\p18f4520.asm
                   INTCON   0x000ff2       data     extern C:\MCC18\SRC\TRADIT~1\PROC\p18f4520.asm
                  INTCON2   0x000ff1       data     extern C:\MCC18\SRC\TRADIT~1\PROC\p18f4520.asm
              INTCON2bits   0x000ff1       data     extern C:\MCC18\SRC\TRADIT~1\PROC\p18f4520.asm
                  INTCON3   0x000ff0       data     extern C:\MCC18\SRC\TRADIT~1\PROC\p18f4520.asm
              INTCON3bits   0x000ff0       data     extern C:\MCC18\SRC\TRADIT~1\PROC\p18f4520.asm
               INTCONbits   0x000ff2       data     extern C:\MCC18\SRC\TRADIT~1\PROC\p18f4520.asm
                     IPR1   0x000f9f       data     extern C:\MCC18\SRC\TRADIT~1\PROC\p18f4520.asm
                 IPR1bits   0x000f9f       data     extern C:\MCC18\SRC\TRADIT~1\PROC\p18f4520.asm
                     IPR2   0x000fa2       data     extern C:\MCC18\SRC\TRADIT~1\PROC\p18f4520.asm
                 IPR2bits   0x000fa2       data     extern C:\MCC18\SRC\TRADIT~1\PROC\p18f4520.asm
                     LATA   0x000f89       data     extern C:\MCC18\SRC\TRADIT~1\PROC\p18f4520.asm
                 LATAbits   0x000f89       data     extern C:\MCC18\SRC\TRADIT~1\PROC\p18f4520.asm
                     LATB   0x000f8a       data     extern C:\MCC18\SRC\TRADIT~1\PROC\p18f4520.asm
                 LATBbits   0x000f8a       data     extern C:\MCC18\SRC\TRADIT~1\PROC\p18f4520.asm
                     LATC   0x000f8b       data     extern C:\MCC18\SRC\TRADIT~1\PROC\p18f4520.asm
                 LATCbits   0x000f8b       data     extern C:\MCC18\SRC\TRADIT~1\PROC\p18f4520.asm
                     LATD   0x000f8c       data     extern C:\MCC18\SRC\TRADIT~1\PROC\p18f4520.asm
                 LATDbits   0x000f8c       data     extern C:\MCC18\SRC\TRADIT~1\PROC\p18f4520.asm
                     LATE   0x000f8d       data     extern C:\MCC18\SRC\TRADIT~1\PROC\p18f4520.asm
                 LATEbits   0x000f8d       data     extern C:\MCC18\SRC\TRADIT~1\PROC\p18f4520.asm
                   LVDCON   0x000fd2       data     extern C:\MCC18\SRC\TRADIT~1\PROC\p18f4520.asm
               LVDCONbits   0x000fd2       data     extern C:\MCC18\SRC\TRADIT~1\PROC\p18f4520.asm
                        M   0x000080       data     extern C:\Users\rikasamaru\Desktop\nhung\code\code.c
                   OSCCON   0x000fd3       data     extern C:\MCC18\SRC\TRADIT~1\PROC\p18f4520.asm
               OSCCONbits   0x000fd3       data     extern C:\MCC18\SRC\TRADIT~1\PROC\p18f4520.asm
                  OSCTUNE   0x000f9b       data     extern C:\MCC18\SRC\TRADIT~1\PROC\p18f4520.asm
              OSCTUNEbits   0x000f9b       data     extern C:\MCC18\SRC\TRADIT~1\PROC\p18f4520.asm
                       PC   0x000ff9       data     extern C:\MCC18\SRC\TRADIT~1\PROC\p18f4520.asm
                      PCL   0x000ff9       data     extern C:\MCC18\SRC\TRADIT~1\PROC\p18f4520.asm
                   PCLATH   0x000ffa       data     extern C:\MCC18\SRC\TRADIT~1\PROC\p18f4520.asm
                   PCLATU   0x000ffb       data     extern C:\MCC18\SRC\TRADIT~1\PROC\p18f4520.asm
                     PIE1   0x000f9d       data     extern C:\MCC18\SRC\TRADIT~1\PROC\p18f4520.asm
                 PIE1bits   0x000f9d       data     extern C:\MCC18\SRC\TRADIT~1\PROC\p18f4520.asm
                     PIE2   0x000fa0       data     extern C:\MCC18\SRC\TRADIT~1\PROC\p18f4520.asm
                 PIE2bits   0x000fa0       data     extern C:\MCC18\SRC\TRADIT~1\PROC\p18f4520.asm
                     PIR1   0x000f9e       data     extern C:\MCC18\SRC\TRADIT~1\PROC\p18f4520.asm
                 PIR1bits   0x000f9e       data     extern C:\MCC18\SRC\TRADIT~1\PROC\p18f4520.asm
                     PIR2   0x000fa1       data     extern C:\MCC18\SRC\TRADIT~1\PROC\p18f4520.asm
                 PIR2bits   0x000fa1       data     extern C:\MCC18\SRC\TRADIT~1\PROC\p18f4520.asm
                   PLUSW0   0x000feb       data     extern C:\MCC18\SRC\TRADIT~1\PROC\p18f4520.asm
                   PLUSW1   0x000fe3       data     extern C:\MCC18\SRC\TRADIT~1\PROC\p18f4520.asm
                   PLUSW2   0x000fdb       data     extern C:\MCC18\SRC\TRADIT~1\PROC\p18f4520.asm
                    PORTA   0x000f80       data     extern C:\MCC18\SRC\TRADIT~1\PROC\p18f4520.asm
                PORTAbits   0x000f80       data     extern C:\MCC18\SRC\TRADIT~1\PROC\p18f4520.asm
                    PORTB   0x000f81       data     extern C:\MCC18\SRC\TRADIT~1\PROC\p18f4520.asm
                PORTBbits   0x000f81       data     extern C:\MCC18\SRC\TRADIT~1\PROC\p18f4520.asm
                    PORTC   0x000f82       data     extern C:\MCC18\SRC\TRADIT~1\PROC\p18f4520.asm
                PORTCbits   0x000f82       data     extern C:\MCC18\SRC\TRADIT~1\PROC\p18f4520.asm
                    PORTD   0x000f83       data     extern C:\MCC18\SRC\TRADIT~1\PROC\p18f4520.asm
                PORTDbits   0x000f83       data     extern C:\MCC18\SRC\TRADIT~1\PROC\p18f4520.asm
                    PORTE   0x000f84       data     extern C:\MCC18\SRC\TRADIT~1\PROC\p18f4520.asm
                PORTEbits   0x000f84       data     extern C:\MCC18\SRC\TRADIT~1\PROC\p18f4520.asm
                 POSTDEC0   0x000fed       data     extern C:\MCC18\SRC\TRADIT~1\PROC\p18f4520.asm
                 POSTDEC1   0x000fe5       data     extern C:\MCC18\SRC\TRADIT~1\PROC\p18f4520.asm
                 POSTDEC2   0x000fdd       data     extern C:\MCC18\SRC\TRADIT~1\PROC\p18f4520.asm
                 POSTINC0   0x000fee       data     extern C:\MCC18\SRC\TRADIT~1\PROC\p18f4520.asm
                 POSTINC1   0x000fe6       data     extern C:\MCC18\SRC\TRADIT~1\PROC\p18f4520.asm
                 POSTINC2   0x000fde       data     extern C:\MCC18\SRC\TRADIT~1\PROC\p18f4520.asm
                      PR2   0x000fcb       data     extern C:\MCC18\SRC\TRADIT~1\PROC\p18f4520.asm
                  PREINC0   0x000fec       data     extern C:\MCC18\SRC\TRADIT~1\PROC\p18f4520.asm
                  PREINC1   0x000fe4       data     extern C:\MCC18\SRC\TRADIT~1\PROC\p18f4520.asm
                  PREINC2   0x000fdc       data     extern C:\MCC18\SRC\TRADIT~1\PROC\p18f4520.asm
                     PROD   0x000ff3       data     extern C:\MCC18\SRC\TRADIT~1\PROC\p18f4520.asm
                    PRODH   0x000ff4       data     extern C:\MCC18\SRC\TRADIT~1\PROC\p18f4520.asm
                    PRODL   0x000ff3       data     extern C:\MCC18\SRC\TRADIT~1\PROC\p18f4520.asm
                  PWM1CON   0x000fb7       data     extern C:\MCC18\SRC\TRADIT~1\PROC\p18f4520.asm
              PWM1CONbits   0x000fb7       data     extern C:\MCC18\SRC\TRADIT~1\PROC\p18f4520.asm
                     RCON   0x000fd0       data     extern C:\MCC18\SRC\TRADIT~1\PROC\p18f4520.asm
                 RCONbits   0x000fd0       data     extern C:\MCC18\SRC\TRADIT~1\PROC\p18f4520.asm
                    RCREG   0x000fae       data     extern C:\MCC18\SRC\TRADIT~1\PROC\p18f4520.asm
                    RCSTA   0x000fab       data     extern C:\MCC18\SRC\TRADIT~1\PROC\p18f4520.asm
                RCSTAbits   0x000fab       data     extern C:\MCC18\SRC\TRADIT~1\PROC\p18f4520.asm
                     SIGN   0x000000       data     extern C:\MCC18\SRC\TRADIT~1\MATH\cmath18.asm
                    SPBRG   0x000faf       data     extern C:\MCC18\SRC\TRADIT~1\PROC\p18f4520.asm
                   SPBRGH   0x000fb0       data     extern C:\MCC18\SRC\TRADIT~1\PROC\p18f4520.asm
                   SSPADD   0x000fc8       data     extern C:\MCC18\SRC\TRADIT~1\PROC\p18f4520.asm
                   SSPBUF   0x000fc9       data     extern C:\MCC18\SRC\TRADIT~1\PROC\p18f4520.asm
                  SSPCON1   0x000fc6       data     extern C:\MCC18\SRC\TRADIT~1\PROC\p18f4520.asm
              SSPCON1bits   0x000fc6       data     extern C:\MCC18\SRC\TRADIT~1\PROC\p18f4520.asm
                  SSPCON2   0x000fc5       data     extern C:\MCC18\SRC\TRADIT~1\PROC\p18f4520.asm
              SSPCON2bits   0x000fc5       data     extern C:\MCC18\SRC\TRADIT~1\PROC\p18f4520.asm
                  SSPSTAT   0x000fc7       data     extern C:\MCC18\SRC\TRADIT~1\PROC\p18f4520.asm
              SSPSTATbits   0x000fc7       data     extern C:\MCC18\SRC\TRADIT~1\PROC\p18f4520.asm
                   STATUS   0x000fd8       data     extern C:\MCC18\SRC\TRADIT~1\PROC\p18f4520.asm
               STATUSbits   0x000fd8       data     extern C:\MCC18\SRC\TRADIT~1\PROC\p18f4520.asm
                   STKPTR   0x000ffc       data     extern C:\MCC18\SRC\TRADIT~1\PROC\p18f4520.asm
               STKPTRbits   0x000ffc       data     extern C:\MCC18\SRC\TRADIT~1\PROC\p18f4520.asm
                    T0CON   0x000fd5       data     extern C:\MCC18\SRC\TRADIT~1\PROC\p18f4520.asm
                T0CONbits   0x000fd5       data     extern C:\MCC18\SRC\TRADIT~1\PROC\p18f4520.asm
                    T1CON   0x000fcd       data     extern C:\MCC18\SRC\TRADIT~1\PROC\p18f4520.asm
                T1CONbits   0x000fcd       data     extern C:\MCC18\SRC\TRADIT~1\PROC\p18f4520.asm
                    T2CON   0x000fca       data     extern C:\MCC18\SRC\TRADIT~1\PROC\p18f4520.asm
                T2CONbits   0x000fca       data     extern C:\MCC18\SRC\TRADIT~1\PROC\p18f4520.asm
                    T3CON   0x000fb1       data     extern C:\MCC18\SRC\TRADIT~1\PROC\p18f4520.asm
                T3CONbits   0x000fb1       data     extern C:\MCC18\SRC\TRADIT~1\PROC\p18f4520.asm
                   TABLAT   0x000ff5       data     extern C:\MCC18\SRC\TRADIT~1\PROC\p18f4520.asm
                   TBLPTR   0x000ff6       data     extern C:\MCC18\SRC\TRADIT~1\PROC\p18f4520.asm
                  TBLPTRH   0x000ff7       data     extern C:\MCC18\SRC\TRADIT~1\PROC\p18f4520.asm
                  TBLPTRL   0x000ff6       data     extern C:\MCC18\SRC\TRADIT~1\PROC\p18f4520.asm
                  TBLPTRU   0x000ff8       data     extern C:\MCC18\SRC\TRADIT~1\PROC\p18f4520.asm
                    TMR0H   0x000fd7       data     extern C:\MCC18\SRC\TRADIT~1\PROC\p18f4520.asm
                    TMR0L   0x000fd6       data     extern C:\MCC18\SRC\TRADIT~1\PROC\p18f4520.asm
                    TMR1H   0x000fcf       data     extern C:\MCC18\SRC\TRADIT~1\PROC\p18f4520.asm
                    TMR1L   0x000fce       data     extern C:\MCC18\SRC\TRADIT~1\PROC\p18f4520.asm
                     TMR2   0x000fcc       data     extern C:\MCC18\SRC\TRADIT~1\PROC\p18f4520.asm
                    TMR3H   0x000fb3       data     extern C:\MCC18\SRC\TRADIT~1\PROC\p18f4520.asm
                    TMR3L   0x000fb2       data     extern C:\MCC18\SRC\TRADIT~1\PROC\p18f4520.asm
                      TOS   0x000ffd       data     extern C:\MCC18\SRC\TRADIT~1\PROC\p18f4520.asm
                     TOSH   0x000ffe       data     extern C:\MCC18\SRC\TRADIT~1\PROC\p18f4520.asm
                     TOSL   0x000ffd       data     extern C:\MCC18\SRC\TRADIT~1\PROC\p18f4520.asm
                     TOSU   0x000fff       data     extern C:\MCC18\SRC\TRADIT~1\PROC\p18f4520.asm
                    TRISA   0x000f92       data     extern C:\MCC18\SRC\TRADIT~1\PROC\p18f4520.asm
                TRISAbits   0x000f92       data     extern C:\MCC18\SRC\TRADIT~1\PROC\p18f4520.asm
                    TRISB   0x000f93       data     extern C:\MCC18\SRC\TRADIT~1\PROC\p18f4520.asm
                TRISBbits   0x000f93       data     extern C:\MCC18\SRC\TRADIT~1\PROC\p18f4520.asm
                    TRISC   0x000f94       data     extern C:\MCC18\SRC\TRADIT~1\PROC\p18f4520.asm
                TRISCbits   0x000f94       data     extern C:\MCC18\SRC\TRADIT~1\PROC\p18f4520.asm
                    TRISD   0x000f95       data     extern C:\MCC18\SRC\TRADIT~1\PROC\p18f4520.asm
                TRISDbits   0x000f95       data     extern C:\MCC18\SRC\TRADIT~1\PROC\p18f4520.asm
                    TRISE   0x000f96       data     extern C:\MCC18\SRC\TRADIT~1\PROC\p18f4520.asm
                TRISEbits   0x000f96       data     extern C:\MCC18\SRC\TRADIT~1\PROC\p18f4520.asm
                    TXREG   0x000fad       data     extern C:\MCC18\SRC\TRADIT~1\PROC\p18f4520.asm
                    TXSTA   0x000fac       data     extern C:\MCC18\SRC\TRADIT~1\PROC\p18f4520.asm
                TXSTAbits   0x000fac       data     extern C:\MCC18\SRC\TRADIT~1\PROC\p18f4520.asm
                 Time_out   0x00009e       data     extern C:\Users\rikasamaru\Desktop\nhung\code\code.c
             USART_Status   0x0000fb       data     extern C:\MCC18\src\TRADIT~1\pmc\USART\usartd.c
                        W   0x000fe8       data     extern C:\MCC18\SRC\TRADIT~1\PROC\p18f4520.asm
                   WDTCON   0x000fd1       data     extern C:\MCC18\SRC\TRADIT~1\PROC\p18f4520.asm
               WDTCONbits   0x000fd1       data     extern C:\MCC18\SRC\TRADIT~1\PROC\p18f4520.asm
                     WREG   0x000fe8       data     extern C:\MCC18\SRC\TRADIT~1\PROC\p18f4520.asm
                 __AARGB0   0x000009       data     extern C:\MCC18\SRC\TRADIT~1\MATH\aarg.asm
                 __AARGB1   0x000008       data     extern C:\MCC18\SRC\TRADIT~1\MATH\aarg.asm
                 __AARGB2   0x000007       data     extern C:\MCC18\SRC\TRADIT~1\MATH\aarg.asm
                 __AARGB3   0x000006       data     extern C:\MCC18\SRC\TRADIT~1\MATH\aarg.asm
                 __AARGB4   0x000005       data     extern C:\MCC18\SRC\TRADIT~1\MATH\aarg.asm
                 __AARGB5   0x000004       data     extern C:\MCC18\SRC\TRADIT~1\MATH\aarg.asm
                 __AARGB6   0x000003       data     extern C:\MCC18\SRC\TRADIT~1\MATH\aarg.asm
                 __AARGB7   0x000002       data     extern C:\MCC18\SRC\TRADIT~1\MATH\aarg.asm
                   __AEXP   0x00000a       data     extern C:\MCC18\SRC\TRADIT~1\MATH\aarg.asm
                 __BARGB0   0x00000e       data     extern C:\MCC18\SRC\TRADIT~1\MATH\barg.asm
                 __BARGB1   0x00000d       data     extern C:\MCC18\SRC\TRADIT~1\MATH\barg.asm
                 __BARGB2   0x00000c       data     extern C:\MCC18\SRC\TRADIT~1\MATH\barg.asm
                 __BARGB3   0x00000b       data     extern C:\MCC18\SRC\TRADIT~1\MATH\barg.asm
                   __BEXP   0x00000f       data     extern C:\MCC18\SRC\TRADIT~1\MATH\barg.asm
                __FPFLAGS   0x000001       data     extern C:\MCC18\SRC\TRADIT~1\MATH\cmath18.asm
            __FPFLAGSbits   0x000001       data     extern C:\MCC18\SRC\TRADIT~1\MATH\cmath18.asm
                  __REMB0   0x000005       data     extern C:\MCC18\SRC\TRADIT~1\MATH\aarg.asm
                  __REMB1   0x000004       data     extern C:\MCC18\SRC\TRADIT~1\MATH\aarg.asm
                  __REMB2   0x000003       data     extern C:\MCC18\SRC\TRADIT~1\MATH\aarg.asm
                  __REMB3   0x000002       data     extern C:\MCC18\SRC\TRADIT~1\MATH\aarg.asm
                   __TEMP   0x000013       data     extern C:\MCC18\SRC\TRADIT~1\MATH\temparg.asm
                 __TEMPB0   0x000013       data     extern C:\MCC18\SRC\TRADIT~1\MATH\temparg.asm
                 __TEMPB1   0x000012       data     extern C:\MCC18\SRC\TRADIT~1\MATH\temparg.asm
                 __TEMPB2   0x000011       data     extern C:\MCC18\SRC\TRADIT~1\MATH\temparg.asm
                 __TEMPB3   0x000010       data     extern C:\MCC18\SRC\TRADIT~1\MATH\temparg.asm
                  __tmp_0   0x000014       data     static C:\MCC18\src\TRADIT~1\pmc\USART\uopen.c
                  __tmp_0   0x000014       data     static C:\MCC18\src\TRADIT~1\stdclib\sprintf.c
                  __tmp_0   0x000014       data     static C:\MCC18\src\TRADIT~1\stdclib\vfprintf.c
                  __tmp_0   0x000014       data     static C:\MCC18\src\TRADIT~1\stdclib\putc.c
                  __tmp_0   0x000014       data     static C:\Users\rikasamaru\Desktop\nhung\code\code.c
                        a   0x0000cc       data     extern C:\Users\rikasamaru\Desktop\nhung\code\code.c
                        b   0x0000e8       data     extern C:\Users\rikasamaru\Desktop\nhung\code\code.c
                        c   0x0000d3       data     extern C:\Users\rikasamaru\Desktop\nhung\code\code.c
                      chr   0x0000f0       data     extern C:\Users\rikasamaru\Desktop\nhung\code\code.c
                curr_byte   0x000121       data     static C:\MCC18\src\traditional\startup\c018i.c
               curr_entry   0x000123       data     static C:\MCC18\src\traditional\startup\c018i.c
                        d   0x0000da       data     extern C:\Users\rikasamaru\Desktop\nhung\code\code.c
                 data_ptr   0x000125       data     static C:\MCC18\src\traditional\startup\c018i.c
                       dm   0x000106       data     extern C:\Users\rikasamaru\Desktop\nhung\code\code.c
                     doam   0x000102       data     extern C:\Users\rikasamaru\Desktop\nhung\code\code.c
                    doam1   0x00010a       data     extern C:\Users\rikasamaru\Desktop\nhung\code\code.c
                    doam2   0x00010e       data     extern C:\Users\rikasamaru\Desktop\nhung\code\code.c
                        g   0x0000e1       data     extern C:\Users\rikasamaru\Desktop\nhung\code\code.c
                        h   0x0000a6       data     extern C:\Users\rikasamaru\Desktop\nhung\code\code.c
                       hh   0x0000a0       data     extern C:\Users\rikasamaru\Desktop\nhung\code\code.c
                        i   0x00011c       data     extern C:\Users\rikasamaru\Desktop\nhung\code\code.c
                        k   0x000110       data     extern C:\Users\rikasamaru\Desktop\nhung\code\code.c
                       kt   0x00011a       data     extern C:\Users\rikasamaru\Desktop\nhung\code\code.c
                        l   0x000112       data     extern C:\Users\rikasamaru\Desktop\nhung\code\code.c
                        m   0x0000a8       data     extern C:\Users\rikasamaru\Desktop\nhung\code\code.c
                     mang   0x0000ac       data     extern C:\Users\rikasamaru\Desktop\nhung\code\code.c
                       mm   0x0000a4       data     extern C:\Users\rikasamaru\Desktop\nhung\code\code.c
                       nd   0x000104       data     extern C:\Users\rikasamaru\Desktop\nhung\code\code.c
                  nhietdo   0x000100       data     extern C:\Users\rikasamaru\Desktop\nhung\code\code.c
                 nhietdo1   0x000108       data     extern C:\Users\rikasamaru\Desktop\nhung\code\code.c
                 nhietdo2   0x00010c       data     extern C:\Users\rikasamaru\Desktop\nhung\code\code.c
                        p   0x000114       data     extern C:\Users\rikasamaru\Desktop\nhung\code\code.c
                     prom   0x00011e       data     static C:\MCC18\src\traditional\startup\c018i.c
                        q   0x000116       data     extern C:\Users\rikasamaru\Desktop\nhung\code\code.c
                       rh   0x0000f1       data     extern C:\Users\rikasamaru\Desktop\nhung\code\code.c
                        s   0x0000aa       data     extern C:\Users\rikasamaru\Desktop\nhung\code\code.c
                       ss   0x0000a2       data     extern C:\Users\rikasamaru\Desktop\nhung\code\code.c
                        t   0x000118       data     extern C:\Users\rikasamaru\Desktop\nhung\code\code.c
                     temp   0x0000f3       data     extern C:\Users\rikasamaru\Desktop\nhung\code\code.c
                        x   0x0000ef       data     extern C:\Users\rikasamaru\Desktop\nhung\code\code.c



                              Symbols - Sorted by Address
                     Name    Address   Location    Storage File                     
                ---------  ---------  ---------  --------- ---------                
                   _entry   0x000000    program     extern C:\MCC18\src\traditional\startup\c018i.c
       ___return_lbl00000   0x000004    program     static                          
             EEPROM_Write   0x000038    program     extern C:\Users\rikasamaru\Desktop\nhung\code\code.c
       EEPROM_WriteString   0x00006e    program     extern C:\Users\rikasamaru\Desktop\nhung\code\code.c
              EEPROM_Read   0x0000d0    program     extern C:\Users\rikasamaru\Desktop\nhung\code\code.c
               doc_hhmmss   0x0000f0    program     extern C:\Users\rikasamaru\Desktop\nhung\code\code.c
                  INT_BCD   0x00021a    program     extern C:\Users\rikasamaru\Desktop\nhung\code\code.c
               ghi_hhmmss   0x000284    program     extern C:\Users\rikasamaru\Desktop\nhung\code\code.c
                  BCD_INT   0x00037c    program     extern C:\Users\rikasamaru\Desktop\nhung\code\code.c
           DHT_GetTemHumi   0x000404    program     extern C:\Users\rikasamaru\Desktop\nhung\code\code.c
                 docchuoi   0x000576    program     extern C:\Users\rikasamaru\Desktop\nhung\code\code.c
                     main   0x00058a    program     extern C:\Users\rikasamaru\Desktop\nhung\code\code.c
            s_put_n_chars   0x000cec    program     static C:\MCC18\src\TRADIT~1\stdclib\vfprintf.c
                 vfprintf   0x000d18    program     extern C:\MCC18\src\TRADIT~1\stdclib\vfprintf.c
              __tmplbl_85   0x000d42    program     static                          
              __tmplbl_44   0x0015f0    program     static                          
              __tmplbl_43   0x00160a    program     static                          
                   __pa_0   0x00162c    program     static C:\MCC18\src\TRADIT~1\stdclib\vfprintf.c
                   __pa_1   0x001634    program     static C:\MCC18\src\TRADIT~1\stdclib\vfprintf.c
                   __pa_2   0x00163e    program     static C:\MCC18\src\TRADIT~1\stdclib\vfprintf.c
                   __pa_3   0x001648    program     static C:\MCC18\src\TRADIT~1\stdclib\vfprintf.c
                   __pa_4   0x001660    program     static C:\MCC18\src\TRADIT~1\stdclib\vfprintf.c
                   __pa_5   0x001674    program     static C:\MCC18\src\TRADIT~1\stdclib\vfprintf.c
                   __pa_6   0x001690    program     static C:\MCC18\src\TRADIT~1\stdclib\vfprintf.c
                   __pa_7   0x00169a    program     static C:\MCC18\src\TRADIT~1\stdclib\vfprintf.c
                   __pa_8   0x0016a6    program     static C:\MCC18\src\TRADIT~1\stdclib\vfprintf.c
                   __pa_9   0x0016c8    program     static C:\MCC18\src\TRADIT~1\stdclib\vfprintf.c
                  __pa_10   0x0016e8    program     static C:\MCC18\src\TRADIT~1\stdclib\vfprintf.c
                  __pa_11   0x0016f6    program     static C:\MCC18\src\TRADIT~1\stdclib\vfprintf.c
                  __pa_12   0x00170c    program     static C:\MCC18\src\TRADIT~1\stdclib\vfprintf.c
                  __pa_13   0x001726    program     static C:\MCC18\src\TRADIT~1\stdclib\vfprintf.c
                  __pa_14   0x00173e    program     static C:\MCC18\src\TRADIT~1\stdclib\vfprintf.c
                  __pa_15   0x00174e    program     static C:\MCC18\src\TRADIT~1\stdclib\vfprintf.c
                  __pa_16   0x001764    program     static C:\MCC18\src\TRADIT~1\stdclib\vfprintf.c
                  __pa_17   0x001776    program     static C:\MCC18\src\TRADIT~1\stdclib\vfprintf.c
                  __pa_18   0x001788    program     static C:\MCC18\src\TRADIT~1\stdclib\vfprintf.c
                  __pa_19   0x001792    program     static C:\MCC18\src\TRADIT~1\stdclib\vfprintf.c
                  __pa_20   0x0017a2    program     static C:\MCC18\src\TRADIT~1\stdclib\vfprintf.c
                  __pa_21   0x0017b2    program     static C:\MCC18\src\TRADIT~1\stdclib\vfprintf.c
              __tmplbl_42   0x0017c2    program     static                          
                  __pa_22   0x0017c2    program     static C:\MCC18\src\TRADIT~1\stdclib\vfprintf.c
                  __pa_23   0x0017ce    program     static C:\MCC18\src\TRADIT~1\stdclib\vfprintf.c
                  __pa_24   0x0017dc    program     static C:\MCC18\src\TRADIT~1\stdclib\vfprintf.c
                  __pa_25   0x0017e4    program     static C:\MCC18\src\TRADIT~1\stdclib\vfprintf.c
                  __pa_26   0x0017ee    program     static C:\MCC18\src\TRADIT~1\stdclib\vfprintf.c
                  __pa_27   0x0017f8    program     static C:\MCC18\src\TRADIT~1\stdclib\vfprintf.c
                  __pa_28   0x001800    program     static C:\MCC18\src\TRADIT~1\stdclib\vfprintf.c
                  __pa_29   0x00180e    program     static C:\MCC18\src\TRADIT~1\stdclib\vfprintf.c
                  __pa_30   0x00182a    program     static C:\MCC18\src\TRADIT~1\stdclib\vfprintf.c
                  __pa_31   0x001844    program     static C:\MCC18\src\TRADIT~1\stdclib\vfprintf.c
                  __pa_32   0x00185e    program     static C:\MCC18\src\TRADIT~1\stdclib\vfprintf.c
                  __pa_33   0x001876    program     static C:\MCC18\src\TRADIT~1\stdclib\vfprintf.c
                  __pa_34   0x001880    program     static C:\MCC18\src\TRADIT~1\stdclib\vfprintf.c
                  __pa_35   0x00188e    program     static C:\MCC18\src\TRADIT~1\stdclib\vfprintf.c
                  __pa_36   0x001896    program     static C:\MCC18\src\TRADIT~1\stdclib\vfprintf.c
                  __pa_37   0x0018a0    program     static C:\MCC18\src\TRADIT~1\stdclib\vfprintf.c
                  __pa_38   0x0018b0    program     static C:\MCC18\src\TRADIT~1\stdclib\vfprintf.c
                  __pa_39   0x0018be    program     static C:\MCC18\src\TRADIT~1\stdclib\vfprintf.c
                  __pa_40   0x0018ca    program     static C:\MCC18\src\TRADIT~1\stdclib\vfprintf.c
                  __pa_41   0x0018d6    program     static C:\MCC18\src\TRADIT~1\stdclib\vfprintf.c
                  __pa_42   0x0018de    program     static C:\MCC18\src\TRADIT~1\stdclib\vfprintf.c
                  __pa_43   0x0018e8    program     static C:\MCC18\src\TRADIT~1\stdclib\vfprintf.c
                  __pa_44   0x0018ee    program     static C:\MCC18\src\TRADIT~1\stdclib\vfprintf.c
                  __pa_45   0x0018f8    program     static C:\MCC18\src\TRADIT~1\stdclib\vfprintf.c
                  __pa_46   0x001904    program     static C:\MCC18\src\TRADIT~1\stdclib\vfprintf.c
                 FXD0808S   0x00190e    program     extern C:\MCC18\SRC\TRADIT~1\MATH\fxd0808s.asm
                  DA0808S   0x00191a    program     static C:\MCC18\SRC\TRADIT~1\MATH\fxd0808s.asm
                   D0808S   0x001924    program     static C:\MCC18\SRC\TRADIT~1\MATH\fxd0808s.asm
                 D0808SOK   0x00192e    program     static C:\MCC18\SRC\TRADIT~1\MATH\fxd0808s.asm
                D0808SNEG   0x001932    program     static C:\MCC18\SRC\TRADIT~1\MATH\fxd0808s.asm
                  D0808SX   0x001938    program     static C:\MCC18\SRC\TRADIT~1\MATH\fxd0808s.asm
                 FXD1616S   0x001942    program     extern C:\MCC18\SRC\TRADIT~1\MATH\fxd1616s.asm
                  DA1616S   0x001954    program     static C:\MCC18\SRC\TRADIT~1\MATH\fxd1616s.asm
                   D1616S   0x001964    program     static C:\MCC18\SRC\TRADIT~1\MATH\fxd1616s.asm
                 D1616SOK   0x00196e    program     static C:\MCC18\SRC\TRADIT~1\MATH\fxd1616s.asm
                D1616SNEG   0x001972    program     static C:\MCC18\SRC\TRADIT~1\MATH\fxd1616s.asm
                  D1616SX   0x001984    program     static C:\MCC18\SRC\TRADIT~1\MATH\fxd1616s.asm
                 FXM1616S   0x00198e    program     extern C:\MCC18\SRC\TRADIT~1\MATH\fxm1616s.asm
               TSIGN1616A   0x0019da    program     static C:\MCC18\SRC\TRADIT~1\MATH\fxm1616s.asm
                  sprintf   0x0019e8    program     extern C:\MCC18\src\TRADIT~1\stdclib\sprintf.c
                _do_cinit   0x001a94    program     extern C:\MCC18\src\traditional\startup\c018i.c
                     test   0x001aae    program     static                          
                copy_loop   0x001b06    program     static                          
            copy_one_byte   0x001b0c    program     static                          
             done_copying   0x001b1a    program     static                          
                     done   0x001b30    program     static                          
       ___return_lbl00002   0x001b30    program     static                          
                     putc   0x001b32    program     extern C:\MCC18\src\TRADIT~1\stdclib\putc.c
                OpenUSART   0x001bb6    program     extern C:\MCC18\src\TRADIT~1\pmc\USART\uopen.c
                  FXM3232   0x001c30    program     extern C:\MCC18\src\TRADIT~1\math\fxm3232.c
       ___return_lbl00000   0x001c9e    program     static                          
                   strlen   0x001ca0    program     extern C:\MCC18\SRC\TRADIT~1\STDCLIB\strlen.asm
                    jLoop   0x001cb0    program     static C:\MCC18\SRC\TRADIT~1\STDCLIB\strlen.asm
                     jEnd   0x001cba    program     static C:\MCC18\SRC\TRADIT~1\STDCLIB\strlen.asm
                strlenpgm   0x001cbc    program     extern C:\MCC18\SRC\TRADIT~1\STDCLIB\slenpgm.asm
                    jLoop   0x001cda    program     static C:\MCC18\SRC\TRADIT~1\STDCLIB\slenpgm.asm
                   _2jEnd   0x001cf0    program     static C:\MCC18\SRC\TRADIT~1\STDCLIB\slenpgm.asm
                     jEnd   0x001cf2    program     static C:\MCC18\SRC\TRADIT~1\STDCLIB\slenpgm.asm
                getsUSART   0x001d06    program     extern C:\MCC18\src\TRADIT~1\pmc\USART\ugets.c
               __string_3   0x001d64    program     static C:\Users\rikasamaru\Desktop\nhung\code\code.c
               __string_2   0x001d7c    program     static C:\Users\rikasamaru\Desktop\nhung\code\code.c
               __string_1   0x001d8a    program     static C:\Users\rikasamaru\Desktop\nhung\code\code.c
               __string_0   0x001da2    program     static C:\Users\rikasamaru\Desktop\nhung\code\code.c
                putsUSART   0x001db0    program     extern C:\MCC18\src\TRADIT~1\pmc\USART\uputs.c
                 FXD3232U   0x001dfc    program     extern C:\MCC18\src\TRADIT~1\math\fxd3232u.c
                     loop   0x001e0a    program     static                          
                   _false   0x001e3e    program     static                          
       ___return_lbl00000   0x001e42    program     static                          
                ReadUSART   0x001e44    program     extern C:\MCC18\src\TRADIT~1\pmc\USART\uread.c
                  OpenI2C   0x001e82    program     extern C:\MCC18\src\TRADIT~1\pmc\i2c\i2c_open.c
                 WriteI2C   0x001eb8    program     extern C:\MCC18\src\TRADIT~1\pmc\i2c\i2c_writ.c
               WriteUSART   0x001ee8    program     extern C:\MCC18\src\TRADIT~1\pmc\USART\uwrite.c
                 FXD1616U   0x001f16    program     extern C:\MCC18\src\TRADIT~1\math\fxd1616u.c
                     loop   0x001f20    program     static                          
                  endloop   0x001f3c    program     static                          
       ___return_lbl00000   0x001f40    program     static                          
                  isdigit   0x001f42    program     extern C:\MCC18\SRC\TRADIT~1\STDCLIB\isdigit.asm
                   jMatch   0x001f62    program     static C:\MCC18\SRC\TRADIT~1\STDCLIB\isdigit.asm
                 jNoMatch   0x001f64    program     static C:\MCC18\SRC\TRADIT~1\STDCLIB\isdigit.asm
              Delay1KTCYx   0x001f66    program     extern C:\MCC18\SRC\TRADIT~1\DELAYS\d1ktcyx.asm
                     D1Kx   0x001f70    program     static C:\MCC18\SRC\TRADIT~1\DELAYS\d1ktcyx.asm
                    D1K_1   0x001f72    program     static C:\MCC18\SRC\TRADIT~1\DELAYS\d1ktcyx.asm
        _D1KTCYXCODE_0010   0x001f76    program     static C:\MCC18\SRC\TRADIT~1\DELAYS\d1ktcyx.asm
        _D1KTCYXCODE_0016   0x001f7c    program     static C:\MCC18\SRC\TRADIT~1\DELAYS\d1ktcyx.asm
                 _startup   0x001f86    program     extern C:\MCC18\src\traditional\startup\c018i.c
                     loop   0x001f96    program     static                          
       ___return_lbl00001   0x001fa0    program     static                          
              _usart_putc   0x001fa2    program     extern C:\MCC18\SRC\TRADIT~1\PMC\USART\_usartpc.asm
                     loop   0x001fb2    program     static C:\MCC18\SRC\TRADIT~1\PMC\USART\_usartpc.asm
                 FXD0808U   0x001fbe    program     extern C:\MCC18\src\TRADIT~1\math\fxd0808u.c
                     loop   0x001fc6    program     static                          
                  endloop   0x001fd4    program     static                          
       ___return_lbl00000   0x001fd8    program     static                          
              Delay10TCYx   0x001fda    program     extern C:\MCC18\SRC\TRADIT~1\DELAYS\d10tcyx.asm
                     D10x   0x001fe2    program     static C:\MCC18\SRC\TRADIT~1\DELAYS\d10tcyx.asm
        _D10TCYXCODE_000A   0x001fe4    program     static C:\MCC18\SRC\TRADIT~1\DELAYS\d10tcyx.asm
        _D10TCYXCODE_000C   0x001fe6    program     static C:\MCC18\SRC\TRADIT~1\DELAYS\d10tcyx.asm
        _D10TCYXCODE_000E   0x001fe8    program     static C:\MCC18\SRC\TRADIT~1\DELAYS\d10tcyx.asm
                    D10_1   0x001fea    program     static C:\MCC18\SRC\TRADIT~1\DELAYS\d10tcyx.asm
                 s_digits   0x001ff0    program     static C:\MCC18\src\TRADIT~1\stdclib\vfprintf.c
                  ReadI2C   0x002002    program     extern C:\MCC18\src\TRADIT~1\pmc\i2c\i2c_read.c
               _user_putc   0x00200c    program     extern C:\MCC18\src\TRADIT~1\stdclib\_user_putc.c
                   __init   0x00200e    program     extern C:\MCC18\src\TRADIT~1\stdclib\__init.c
               __config_0   0x300001    program     static C:\Users\rikasamaru\Desktop\nhung\code\code.c
               __config_1   0x300003    program     static C:\Users\rikasamaru\Desktop\nhung\code\code.c
               __config_2   0x300005    program     static C:\Users\rikasamaru\Desktop\nhung\code\code.c
               __config_3   0x300006    program     static C:\Users\rikasamaru\Desktop\nhung\code\code.c
                     SIGN   0x000000       data     extern C:\MCC18\SRC\TRADIT~1\MATH\cmath18.asm
            __FPFLAGSbits   0x000001       data     extern C:\MCC18\SRC\TRADIT~1\MATH\cmath18.asm
                __FPFLAGS   0x000001       data     extern C:\MCC18\SRC\TRADIT~1\MATH\cmath18.asm
                  __REMB3   0x000002       data     extern C:\MCC18\SRC\TRADIT~1\MATH\aarg.asm
                 __AARGB7   0x000002       data     extern C:\MCC18\SRC\TRADIT~1\MATH\aarg.asm
                 __AARGB6   0x000003       data     extern C:\MCC18\SRC\TRADIT~1\MATH\aarg.asm
                  __REMB2   0x000003       data     extern C:\MCC18\SRC\TRADIT~1\MATH\aarg.asm
                  __REMB1   0x000004       data     extern C:\MCC18\SRC\TRADIT~1\MATH\aarg.asm
                 __AARGB5   0x000004       data     extern C:\MCC18\SRC\TRADIT~1\MATH\aarg.asm
                  __REMB0   0x000005       data     extern C:\MCC18\SRC\TRADIT~1\MATH\aarg.asm
                 __AARGB4   0x000005       data     extern C:\MCC18\SRC\TRADIT~1\MATH\aarg.asm
                 __AARGB3   0x000006       data     extern C:\MCC18\SRC\TRADIT~1\MATH\aarg.asm
                 __AARGB2   0x000007       data     extern C:\MCC18\SRC\TRADIT~1\MATH\aarg.asm
                 __AARGB1   0x000008       data     extern C:\MCC18\SRC\TRADIT~1\MATH\aarg.asm
                 __AARGB0   0x000009       data     extern C:\MCC18\SRC\TRADIT~1\MATH\aarg.asm
                   __AEXP   0x00000a       data     extern C:\MCC18\SRC\TRADIT~1\MATH\aarg.asm
                 __BARGB3   0x00000b       data     extern C:\MCC18\SRC\TRADIT~1\MATH\barg.asm
                 __BARGB2   0x00000c       data     extern C:\MCC18\SRC\TRADIT~1\MATH\barg.asm
                 __BARGB1   0x00000d       data     extern C:\MCC18\SRC\TRADIT~1\MATH\barg.asm
                 __BARGB0   0x00000e       data     extern C:\MCC18\SRC\TRADIT~1\MATH\barg.asm
                   __BEXP   0x00000f       data     extern C:\MCC18\SRC\TRADIT~1\MATH\barg.asm
                 __TEMPB3   0x000010       data     extern C:\MCC18\SRC\TRADIT~1\MATH\temparg.asm
                 __TEMPB2   0x000011       data     extern C:\MCC18\SRC\TRADIT~1\MATH\temparg.asm
                 __TEMPB1   0x000012       data     extern C:\MCC18\SRC\TRADIT~1\MATH\temparg.asm
                   __TEMP   0x000013       data     extern C:\MCC18\SRC\TRADIT~1\MATH\temparg.asm
                 __TEMPB0   0x000013       data     extern C:\MCC18\SRC\TRADIT~1\MATH\temparg.asm
                  __tmp_0   0x000014       data     static C:\Users\rikasamaru\Desktop\nhung\code\code.c
                  __tmp_0   0x000014       data     static C:\MCC18\src\TRADIT~1\pmc\USART\uopen.c
                  __tmp_0   0x000014       data     static C:\MCC18\src\TRADIT~1\stdclib\sprintf.c
                  __tmp_0   0x000014       data     static C:\MCC18\src\TRADIT~1\stdclib\vfprintf.c
                  __tmp_0   0x000014       data     static C:\MCC18\src\TRADIT~1\stdclib\putc.c
            DelayCounter1   0x00001b       data     extern C:\MCC18\SRC\TRADIT~1\DELAYS\delayd1.asm
                        M   0x000080       data     extern C:\Users\rikasamaru\Desktop\nhung\code\code.c
                 Time_out   0x00009e       data     extern C:\Users\rikasamaru\Desktop\nhung\code\code.c
                       hh   0x0000a0       data     extern C:\Users\rikasamaru\Desktop\nhung\code\code.c
                       ss   0x0000a2       data     extern C:\Users\rikasamaru\Desktop\nhung\code\code.c
                       mm   0x0000a4       data     extern C:\Users\rikasamaru\Desktop\nhung\code\code.c
                        h   0x0000a6       data     extern C:\Users\rikasamaru\Desktop\nhung\code\code.c
                        m   0x0000a8       data     extern C:\Users\rikasamaru\Desktop\nhung\code\code.c
                        s   0x0000aa       data     extern C:\Users\rikasamaru\Desktop\nhung\code\code.c
                     mang   0x0000ac       data     extern C:\Users\rikasamaru\Desktop\nhung\code\code.c
                        a   0x0000cc       data     extern C:\Users\rikasamaru\Desktop\nhung\code\code.c
                        c   0x0000d3       data     extern C:\Users\rikasamaru\Desktop\nhung\code\code.c
                        d   0x0000da       data     extern C:\Users\rikasamaru\Desktop\nhung\code\code.c
                        g   0x0000e1       data     extern C:\Users\rikasamaru\Desktop\nhung\code\code.c
                        b   0x0000e8       data     extern C:\Users\rikasamaru\Desktop\nhung\code\code.c
                        x   0x0000ef       data     extern C:\Users\rikasamaru\Desktop\nhung\code\code.c
                      chr   0x0000f0       data     extern C:\Users\rikasamaru\Desktop\nhung\code\code.c
                       rh   0x0000f1       data     extern C:\Users\rikasamaru\Desktop\nhung\code\code.c
                     temp   0x0000f3       data     extern C:\Users\rikasamaru\Desktop\nhung\code\code.c
                      CKL   0x0000f5       data     extern C:\Users\rikasamaru\Desktop\nhung\code\code.c
                      CKH   0x0000f7       data     extern C:\Users\rikasamaru\Desktop\nhung\code\code.c
                       CK   0x0000f9       data     extern C:\Users\rikasamaru\Desktop\nhung\code\code.c
             USART_Status   0x0000fb       data     extern C:\MCC18\src\TRADIT~1\pmc\USART\usartd.c
                  nhietdo   0x000100       data     extern C:\Users\rikasamaru\Desktop\nhung\code\code.c
                     doam   0x000102       data     extern C:\Users\rikasamaru\Desktop\nhung\code\code.c
                       nd   0x000104       data     extern C:\Users\rikasamaru\Desktop\nhung\code\code.c
                       dm   0x000106       data     extern C:\Users\rikasamaru\Desktop\nhung\code\code.c
                 nhietdo1   0x000108       data     extern C:\Users\rikasamaru\Desktop\nhung\code\code.c
                    doam1   0x00010a       data     extern C:\Users\rikasamaru\Desktop\nhung\code\code.c
                 nhietdo2   0x00010c       data     extern C:\Users\rikasamaru\Desktop\nhung\code\code.c
                    doam2   0x00010e       data     extern C:\Users\rikasamaru\Desktop\nhung\code\code.c
                        k   0x000110       data     extern C:\Users\rikasamaru\Desktop\nhung\code\code.c
                        l   0x000112       data     extern C:\Users\rikasamaru\Desktop\nhung\code\code.c
                        p   0x000114       data     extern C:\Users\rikasamaru\Desktop\nhung\code\code.c
                        q   0x000116       data     extern C:\Users\rikasamaru\Desktop\nhung\code\code.c
                        t   0x000118       data     extern C:\Users\rikasamaru\Desktop\nhung\code\code.c
                       kt   0x00011a       data     extern C:\Users\rikasamaru\Desktop\nhung\code\code.c
                        i   0x00011c       data     extern C:\Users\rikasamaru\Desktop\nhung\code\code.c
                     prom   0x00011e       data     static C:\MCC18\src\traditional\startup\c018i.c
                curr_byte   0x000121       data     static C:\MCC18\src\traditional\startup\c018i.c
               curr_entry   0x000123       data     static C:\MCC18\src\traditional\startup\c018i.c
                 data_ptr   0x000125       data     static C:\MCC18\src\traditional\startup\c018i.c
                PORTAbits   0x000f80       data     extern C:\MCC18\SRC\TRADIT~1\PROC\p18f4520.asm
                    PORTA   0x000f80       data     extern C:\MCC18\SRC\TRADIT~1\PROC\p18f4520.asm
                    PORTB   0x000f81       data     extern C:\MCC18\SRC\TRADIT~1\PROC\p18f4520.asm
                PORTBbits   0x000f81       data     extern C:\MCC18\SRC\TRADIT~1\PROC\p18f4520.asm
                PORTCbits   0x000f82       data     extern C:\MCC18\SRC\TRADIT~1\PROC\p18f4520.asm
                    PORTC   0x000f82       data     extern C:\MCC18\SRC\TRADIT~1\PROC\p18f4520.asm
                    PORTD   0x000f83       data     extern C:\MCC18\SRC\TRADIT~1\PROC\p18f4520.asm
                PORTDbits   0x000f83       data     extern C:\MCC18\SRC\TRADIT~1\PROC\p18f4520.asm
                    PORTE   0x000f84       data     extern C:\MCC18\SRC\TRADIT~1\PROC\p18f4520.asm
                PORTEbits   0x000f84       data     extern C:\MCC18\SRC\TRADIT~1\PROC\p18f4520.asm
                 LATAbits   0x000f89       data     extern C:\MCC18\SRC\TRADIT~1\PROC\p18f4520.asm
                     LATA   0x000f89       data     extern C:\MCC18\SRC\TRADIT~1\PROC\p18f4520.asm
                     LATB   0x000f8a       data     extern C:\MCC18\SRC\TRADIT~1\PROC\p18f4520.asm
                 LATBbits   0x000f8a       data     extern C:\MCC18\SRC\TRADIT~1\PROC\p18f4520.asm
                     LATC   0x000f8b       data     extern C:\MCC18\SRC\TRADIT~1\PROC\p18f4520.asm
                 LATCbits   0x000f8b       data     extern C:\MCC18\SRC\TRADIT~1\PROC\p18f4520.asm
                 LATDbits   0x000f8c       data     extern C:\MCC18\SRC\TRADIT~1\PROC\p18f4520.asm
                     LATD   0x000f8c       data     extern C:\MCC18\SRC\TRADIT~1\PROC\p18f4520.asm
                     LATE   0x000f8d       data     extern C:\MCC18\SRC\TRADIT~1\PROC\p18f4520.asm
                 LATEbits   0x000f8d       data     extern C:\MCC18\SRC\TRADIT~1\PROC\p18f4520.asm
                TRISAbits   0x000f92       data     extern C:\MCC18\SRC\TRADIT~1\PROC\p18f4520.asm
                    TRISA   0x000f92       data     extern C:\MCC18\SRC\TRADIT~1\PROC\p18f4520.asm
                     DDRA   0x000f92       data     extern C:\MCC18\SRC\TRADIT~1\PROC\p18f4520.asm
                 DDRAbits   0x000f92       data     extern C:\MCC18\SRC\TRADIT~1\PROC\p18f4520.asm
                    TRISB   0x000f93       data     extern C:\MCC18\SRC\TRADIT~1\PROC\p18f4520.asm
                TRISBbits   0x000f93       data     extern C:\MCC18\SRC\TRADIT~1\PROC\p18f4520.asm
                 DDRBbits   0x000f93       data     extern C:\MCC18\SRC\TRADIT~1\PROC\p18f4520.asm
                     DDRB   0x000f93       data     extern C:\MCC18\SRC\TRADIT~1\PROC\p18f4520.asm
                 DDRCbits   0x000f94       data     extern C:\MCC18\SRC\TRADIT~1\PROC\p18f4520.asm
                     DDRC   0x000f94       data     extern C:\MCC18\SRC\TRADIT~1\PROC\p18f4520.asm
                TRISCbits   0x000f94       data     extern C:\MCC18\SRC\TRADIT~1\PROC\p18f4520.asm
                    TRISC   0x000f94       data     extern C:\MCC18\SRC\TRADIT~1\PROC\p18f4520.asm
                TRISDbits   0x000f95       data     extern C:\MCC18\SRC\TRADIT~1\PROC\p18f4520.asm
                    TRISD   0x000f95       data     extern C:\MCC18\SRC\TRADIT~1\PROC\p18f4520.asm
                     DDRD   0x000f95       data     extern C:\MCC18\SRC\TRADIT~1\PROC\p18f4520.asm
                 DDRDbits   0x000f95       data     extern C:\MCC18\SRC\TRADIT~1\PROC\p18f4520.asm
                    TRISE   0x000f96       data     extern C:\MCC18\SRC\TRADIT~1\PROC\p18f4520.asm
                 DDREbits   0x000f96       data     extern C:\MCC18\SRC\TRADIT~1\PROC\p18f4520.asm
                     DDRE   0x000f96       data     extern C:\MCC18\SRC\TRADIT~1\PROC\p18f4520.asm
                TRISEbits   0x000f96       data     extern C:\MCC18\SRC\TRADIT~1\PROC\p18f4520.asm
                  OSCTUNE   0x000f9b       data     extern C:\MCC18\SRC\TRADIT~1\PROC\p18f4520.asm
              OSCTUNEbits   0x000f9b       data     extern C:\MCC18\SRC\TRADIT~1\PROC\p18f4520.asm
                 PIE1bits   0x000f9d       data     extern C:\MCC18\SRC\TRADIT~1\PROC\p18f4520.asm
                     PIE1   0x000f9d       data     extern C:\MCC18\SRC\TRADIT~1\PROC\p18f4520.asm
                 PIR1bits   0x000f9e       data     extern C:\MCC18\SRC\TRADIT~1\PROC\p18f4520.asm
                     PIR1   0x000f9e       data     extern C:\MCC18\SRC\TRADIT~1\PROC\p18f4520.asm
                     IPR1   0x000f9f       data     extern C:\MCC18\SRC\TRADIT~1\PROC\p18f4520.asm
                 IPR1bits   0x000f9f       data     extern C:\MCC18\SRC\TRADIT~1\PROC\p18f4520.asm
                 PIE2bits   0x000fa0       data     extern C:\MCC18\SRC\TRADIT~1\PROC\p18f4520.asm
                     PIE2   0x000fa0       data     extern C:\MCC18\SRC\TRADIT~1\PROC\p18f4520.asm
                     PIR2   0x000fa1       data     extern C:\MCC18\SRC\TRADIT~1\PROC\p18f4520.asm
                 PIR2bits   0x000fa1       data     extern C:\MCC18\SRC\TRADIT~1\PROC\p18f4520.asm
                 IPR2bits   0x000fa2       data     extern C:\MCC18\SRC\TRADIT~1\PROC\p18f4520.asm
                     IPR2   0x000fa2       data     extern C:\MCC18\SRC\TRADIT~1\PROC\p18f4520.asm
                   EECON1   0x000fa6       data     extern C:\MCC18\SRC\TRADIT~1\PROC\p18f4520.asm
               EECON1bits   0x000fa6       data     extern C:\MCC18\SRC\TRADIT~1\PROC\p18f4520.asm
                   EECON2   0x000fa7       data     extern C:\MCC18\SRC\TRADIT~1\PROC\p18f4520.asm
                   EEDATA   0x000fa8       data     extern C:\MCC18\SRC\TRADIT~1\PROC\p18f4520.asm
                    EEADR   0x000fa9       data     extern C:\MCC18\SRC\TRADIT~1\PROC\p18f4520.asm
                    RCSTA   0x000fab       data     extern C:\MCC18\SRC\TRADIT~1\PROC\p18f4520.asm
                RCSTAbits   0x000fab       data     extern C:\MCC18\SRC\TRADIT~1\PROC\p18f4520.asm
                TXSTAbits   0x000fac       data     extern C:\MCC18\SRC\TRADIT~1\PROC\p18f4520.asm
                    TXSTA   0x000fac       data     extern C:\MCC18\SRC\TRADIT~1\PROC\p18f4520.asm
                    TXREG   0x000fad       data     extern C:\MCC18\SRC\TRADIT~1\PROC\p18f4520.asm
                    RCREG   0x000fae       data     extern C:\MCC18\SRC\TRADIT~1\PROC\p18f4520.asm
                    SPBRG   0x000faf       data     extern C:\MCC18\SRC\TRADIT~1\PROC\p18f4520.asm
                   SPBRGH   0x000fb0       data     extern C:\MCC18\SRC\TRADIT~1\PROC\p18f4520.asm
                T3CONbits   0x000fb1       data     extern C:\MCC18\SRC\TRADIT~1\PROC\p18f4520.asm
                    T3CON   0x000fb1       data     extern C:\MCC18\SRC\TRADIT~1\PROC\p18f4520.asm
                    TMR3L   0x000fb2       data     extern C:\MCC18\SRC\TRADIT~1\PROC\p18f4520.asm
                    TMR3H   0x000fb3       data     extern C:\MCC18\SRC\TRADIT~1\PROC\p18f4520.asm
                    CMCON   0x000fb4       data     extern C:\MCC18\SRC\TRADIT~1\PROC\p18f4520.asm
                CMCONbits   0x000fb4       data     extern C:\MCC18\SRC\TRADIT~1\PROC\p18f4520.asm
                   CVRCON   0x000fb5       data     extern C:\MCC18\SRC\TRADIT~1\PROC\p18f4520.asm
               CVRCONbits   0x000fb5       data     extern C:\MCC18\SRC\TRADIT~1\PROC\p18f4520.asm
                  ECCP1AS   0x000fb6       data     extern C:\MCC18\SRC\TRADIT~1\PROC\p18f4520.asm
              ECCP1ASbits   0x000fb6       data     extern C:\MCC18\SRC\TRADIT~1\PROC\p18f4520.asm
              PWM1CONbits   0x000fb7       data     extern C:\MCC18\SRC\TRADIT~1\PROC\p18f4520.asm
                  PWM1CON   0x000fb7       data     extern C:\MCC18\SRC\TRADIT~1\PROC\p18f4520.asm
              BAUDCTLbits   0x000fb8       data     extern C:\MCC18\SRC\TRADIT~1\PROC\p18f4520.asm
                  BAUDCTL   0x000fb8       data     extern C:\MCC18\SRC\TRADIT~1\PROC\p18f4520.asm
              BAUDCONbits   0x000fb8       data     extern C:\MCC18\SRC\TRADIT~1\PROC\p18f4520.asm
                  BAUDCON   0x000fb8       data     extern C:\MCC18\SRC\TRADIT~1\PROC\p18f4520.asm
                  CCP2CON   0x000fba       data     extern C:\MCC18\SRC\TRADIT~1\PROC\p18f4520.asm
              CCP2CONbits   0x000fba       data     extern C:\MCC18\SRC\TRADIT~1\PROC\p18f4520.asm
                    CCPR2   0x000fbb       data     extern C:\MCC18\SRC\TRADIT~1\PROC\p18f4520.asm
                   CCPR2L   0x000fbb       data     extern C:\MCC18\SRC\TRADIT~1\PROC\p18f4520.asm
                   CCPR2H   0x000fbc       data     extern C:\MCC18\SRC\TRADIT~1\PROC\p18f4520.asm
              CCP1CONbits   0x000fbd       data     extern C:\MCC18\SRC\TRADIT~1\PROC\p18f4520.asm
                  CCP1CON   0x000fbd       data     extern C:\MCC18\SRC\TRADIT~1\PROC\p18f4520.asm
                   CCPR1L   0x000fbe       data     extern C:\MCC18\SRC\TRADIT~1\PROC\p18f4520.asm
                    CCPR1   0x000fbe       data     extern C:\MCC18\SRC\TRADIT~1\PROC\p18f4520.asm
                   CCPR1H   0x000fbf       data     extern C:\MCC18\SRC\TRADIT~1\PROC\p18f4520.asm
                   ADCON2   0x000fc0       data     extern C:\MCC18\SRC\TRADIT~1\PROC\p18f4520.asm
               ADCON2bits   0x000fc0       data     extern C:\MCC18\SRC\TRADIT~1\PROC\p18f4520.asm
                   ADCON1   0x000fc1       data     extern C:\MCC18\SRC\TRADIT~1\PROC\p18f4520.asm
               ADCON1bits   0x000fc1       data     extern C:\MCC18\SRC\TRADIT~1\PROC\p18f4520.asm
               ADCON0bits   0x000fc2       data     extern C:\MCC18\SRC\TRADIT~1\PROC\p18f4520.asm
                   ADCON0   0x000fc2       data     extern C:\MCC18\SRC\TRADIT~1\PROC\p18f4520.asm
                   ADRESL   0x000fc3       data     extern C:\MCC18\SRC\TRADIT~1\PROC\p18f4520.asm
                    ADRES   0x000fc3       data     extern C:\MCC18\SRC\TRADIT~1\PROC\p18f4520.asm
                   ADRESH   0x000fc4       data     extern C:\MCC18\SRC\TRADIT~1\PROC\p18f4520.asm
              SSPCON2bits   0x000fc5       data     extern C:\MCC18\SRC\TRADIT~1\PROC\p18f4520.asm
                  SSPCON2   0x000fc5       data     extern C:\MCC18\SRC\TRADIT~1\PROC\p18f4520.asm
                  SSPCON1   0x000fc6       data     extern C:\MCC18\SRC\TRADIT~1\PROC\p18f4520.asm
              SSPCON1bits   0x000fc6       data     extern C:\MCC18\SRC\TRADIT~1\PROC\p18f4520.asm
                  SSPSTAT   0x000fc7       data     extern C:\MCC18\SRC\TRADIT~1\PROC\p18f4520.asm
              SSPSTATbits   0x000fc7       data     extern C:\MCC18\SRC\TRADIT~1\PROC\p18f4520.asm
                   SSPADD   0x000fc8       data     extern C:\MCC18\SRC\TRADIT~1\PROC\p18f4520.asm
                   SSPBUF   0x000fc9       data     extern C:\MCC18\SRC\TRADIT~1\PROC\p18f4520.asm
                T2CONbits   0x000fca       data     extern C:\MCC18\SRC\TRADIT~1\PROC\p18f4520.asm
                    T2CON   0x000fca       data     extern C:\MCC18\SRC\TRADIT~1\PROC\p18f4520.asm
                      PR2   0x000fcb       data     extern C:\MCC18\SRC\TRADIT~1\PROC\p18f4520.asm
                     TMR2   0x000fcc       data     extern C:\MCC18\SRC\TRADIT~1\PROC\p18f4520.asm
                    T1CON   0x000fcd       data     extern C:\MCC18\SRC\TRADIT~1\PROC\p18f4520.asm
                T1CONbits   0x000fcd       data     extern C:\MCC18\SRC\TRADIT~1\PROC\p18f4520.asm
                    TMR1L   0x000fce       data     extern C:\MCC18\SRC\TRADIT~1\PROC\p18f4520.asm
                    TMR1H   0x000fcf       data     extern C:\MCC18\SRC\TRADIT~1\PROC\p18f4520.asm
                 RCONbits   0x000fd0       data     extern C:\MCC18\SRC\TRADIT~1\PROC\p18f4520.asm
                     RCON   0x000fd0       data     extern C:\MCC18\SRC\TRADIT~1\PROC\p18f4520.asm
               WDTCONbits   0x000fd1       data     extern C:\MCC18\SRC\TRADIT~1\PROC\p18f4520.asm
                   WDTCON   0x000fd1       data     extern C:\MCC18\SRC\TRADIT~1\PROC\p18f4520.asm
                  HLVDCON   0x000fd2       data     extern C:\MCC18\SRC\TRADIT~1\PROC\p18f4520.asm
              HLVDCONbits   0x000fd2       data     extern C:\MCC18\SRC\TRADIT~1\PROC\p18f4520.asm
                   LVDCON   0x000fd2       data     extern C:\MCC18\SRC\TRADIT~1\PROC\p18f4520.asm
               LVDCONbits   0x000fd2       data     extern C:\MCC18\SRC\TRADIT~1\PROC\p18f4520.asm
                   OSCCON   0x000fd3       data     extern C:\MCC18\SRC\TRADIT~1\PROC\p18f4520.asm
               OSCCONbits   0x000fd3       data     extern C:\MCC18\SRC\TRADIT~1\PROC\p18f4520.asm
                    T0CON   0x000fd5       data     extern C:\MCC18\SRC\TRADIT~1\PROC\p18f4520.asm
                T0CONbits   0x000fd5       data     extern C:\MCC18\SRC\TRADIT~1\PROC\p18f4520.asm
                    TMR0L   0x000fd6       data     extern C:\MCC18\SRC\TRADIT~1\PROC\p18f4520.asm
                    TMR0H   0x000fd7       data     extern C:\MCC18\SRC\TRADIT~1\PROC\p18f4520.asm
               STATUSbits   0x000fd8       data     extern C:\MCC18\SRC\TRADIT~1\PROC\p18f4520.asm
                   STATUS   0x000fd8       data     extern C:\MCC18\SRC\TRADIT~1\PROC\p18f4520.asm
                    FSR2L   0x000fd9       data     extern C:\MCC18\SRC\TRADIT~1\PROC\p18f4520.asm
                     FSR2   0x000fd9       data     extern C:\MCC18\SRC\TRADIT~1\PROC\p18f4520.asm
                    FSR2H   0x000fda       data     extern C:\MCC18\SRC\TRADIT~1\PROC\p18f4520.asm
                   PLUSW2   0x000fdb       data     extern C:\MCC18\SRC\TRADIT~1\PROC\p18f4520.asm
                  PREINC2   0x000fdc       data     extern C:\MCC18\SRC\TRADIT~1\PROC\p18f4520.asm
                 POSTDEC2   0x000fdd       data     extern C:\MCC18\SRC\TRADIT~1\PROC\p18f4520.asm
                 POSTINC2   0x000fde       data     extern C:\MCC18\SRC\TRADIT~1\PROC\p18f4520.asm
                    INDF2   0x000fdf       data     extern C:\MCC18\SRC\TRADIT~1\PROC\p18f4520.asm
                      BSR   0x000fe0       data     extern C:\MCC18\SRC\TRADIT~1\PROC\p18f4520.asm
                    FSR1L   0x000fe1       data     extern C:\MCC18\SRC\TRADIT~1\PROC\p18f4520.asm
                     FSR1   0x000fe1       data     extern C:\MCC18\SRC\TRADIT~1\PROC\p18f4520.asm
                    FSR1H   0x000fe2       data     extern C:\MCC18\SRC\TRADIT~1\PROC\p18f4520.asm
                   PLUSW1   0x000fe3       data     extern C:\MCC18\SRC\TRADIT~1\PROC\p18f4520.asm
                  PREINC1   0x000fe4       data     extern C:\MCC18\SRC\TRADIT~1\PROC\p18f4520.asm
                 POSTDEC1   0x000fe5       data     extern C:\MCC18\SRC\TRADIT~1\PROC\p18f4520.asm
                 POSTINC1   0x000fe6       data     extern C:\MCC18\SRC\TRADIT~1\PROC\p18f4520.asm
                    INDF1   0x000fe7       data     extern C:\MCC18\SRC\TRADIT~1\PROC\p18f4520.asm
                        W   0x000fe8       data     extern C:\MCC18\SRC\TRADIT~1\PROC\p18f4520.asm
                     WREG   0x000fe8       data     extern C:\MCC18\SRC\TRADIT~1\PROC\p18f4520.asm
                     FSR0   0x000fe9       data     extern C:\MCC18\SRC\TRADIT~1\PROC\p18f4520.asm
                    FSR0L   0x000fe9       data     extern C:\MCC18\SRC\TRADIT~1\PROC\p18f4520.asm
                    FSR0H   0x000fea       data     extern C:\MCC18\SRC\TRADIT~1\PROC\p18f4520.asm
                   PLUSW0   0x000feb       data     extern C:\MCC18\SRC\TRADIT~1\PROC\p18f4520.asm
                  PREINC0   0x000fec       data     extern C:\MCC18\SRC\TRADIT~1\PROC\p18f4520.asm
                 POSTDEC0   0x000fed       data     extern C:\MCC18\SRC\TRADIT~1\PROC\p18f4520.asm
                 POSTINC0   0x000fee       data     extern C:\MCC18\SRC\TRADIT~1\PROC\p18f4520.asm
                    INDF0   0x000fef       data     extern C:\MCC18\SRC\TRADIT~1\PROC\p18f4520.asm
              INTCON3bits   0x000ff0       data     extern C:\MCC18\SRC\TRADIT~1\PROC\p18f4520.asm
                  INTCON3   0x000ff0       data     extern C:\MCC18\SRC\TRADIT~1\PROC\p18f4520.asm
              INTCON2bits   0x000ff1       data     extern C:\MCC18\SRC\TRADIT~1\PROC\p18f4520.asm
                  INTCON2   0x000ff1       data     extern C:\MCC18\SRC\TRADIT~1\PROC\p18f4520.asm
                   INTCON   0x000ff2       data     extern C:\MCC18\SRC\TRADIT~1\PROC\p18f4520.asm
               INTCONbits   0x000ff2       data     extern C:\MCC18\SRC\TRADIT~1\PROC\p18f4520.asm
                    PRODL   0x000ff3       data     extern C:\MCC18\SRC\TRADIT~1\PROC\p18f4520.asm
                     PROD   0x000ff3       data     extern C:\MCC18\SRC\TRADIT~1\PROC\p18f4520.asm
                    PRODH   0x000ff4       data     extern C:\MCC18\SRC\TRADIT~1\PROC\p18f4520.asm
                   TABLAT   0x000ff5       data     extern C:\MCC18\SRC\TRADIT~1\PROC\p18f4520.asm
                  TBLPTRL   0x000ff6       data     extern C:\MCC18\SRC\TRADIT~1\PROC\p18f4520.asm
                   TBLPTR   0x000ff6       data     extern C:\MCC18\SRC\TRADIT~1\PROC\p18f4520.asm
                  TBLPTRH   0x000ff7       data     extern C:\MCC18\SRC\TRADIT~1\PROC\p18f4520.asm
                  TBLPTRU   0x000ff8       data     extern C:\MCC18\SRC\TRADIT~1\PROC\p18f4520.asm
                      PCL   0x000ff9       data     extern C:\MCC18\SRC\TRADIT~1\PROC\p18f4520.asm
                       PC   0x000ff9       data     extern C:\MCC18\SRC\TRADIT~1\PROC\p18f4520.asm
                   PCLATH   0x000ffa       data     extern C:\MCC18\SRC\TRADIT~1\PROC\p18f4520.asm
                   PCLATU   0x000ffb       data     extern C:\MCC18\SRC\TRADIT~1\PROC\p18f4520.asm
                   STKPTR   0x000ffc       data     extern C:\MCC18\SRC\TRADIT~1\PROC\p18f4520.asm
               STKPTRbits   0x000ffc       data     extern C:\MCC18\SRC\TRADIT~1\PROC\p18f4520.asm
                      TOS   0x000ffd       data     extern C:\MCC18\SRC\TRADIT~1\PROC\p18f4520.asm
                     TOSL   0x000ffd       data     extern C:\MCC18\SRC\TRADIT~1\PROC\p18f4520.asm
                     TOSH   0x000ffe       data     extern C:\MCC18\SRC\TRADIT~1\PROC\p18f4520.asm
                     TOSU   0x000fff       data     extern C:\MCC18\SRC\TRADIT~1\PROC\p18f4520.asm


